exports[`Start renders correctly 1`] = `
<View
  style={
    Object {
      "alignItems": "center",
      "flex": 1,
      "justifyContent": "center"
    }
  }>
  <View
    accessibilityComponentType={undefined}
    accessibilityLabel={undefined}
    accessibilityTraits={undefined}
    accessible={true}
    hitSlop={undefined}
    onLayout={undefined}
    onResponderGrant={[Function bound touchableHandleResponderGrant]}
    onResponderMove={[Function bound touchableHandleResponderMove]}
    onResponderRelease={[Function bound touchableHandleResponderRelease]}
    onResponderTerminate={[Function bound touchableHandleResponderTerminate]}
    onResponderTerminationRequest={[Function bound touchableHandleResponderTerminationRequest]}
    onStartShouldSetResponder={[Function bound touchableHandleStartShouldSetResponder]}
    style={
      Array [
        Object {
          "backgroundColor": "transparent"
        },
        undefined
      ]
    }
    testID={undefined}>
    <Text>
      hi 
    </Text>
  </View>
</View>
`;
